[Bootstrap]
SetupTitle=Install
SetupText=Copying Files, please stand by.
CabFile=alps.CAB
Spawn=Setup1.exe
Uninstal=st6unst.exe
TmpDir=msftqws.pdw
Cabs=1

[Bootstrap Files]
File1=@VB6STKIT.DLL,$(WinSysPathSysFile),,,6/18/98 12:00:00 AM,102912,6.0.81.69
File2=@COMCAT.DLL,$(WinSysPathSysFile),$(DLLSelfRegister),,5/31/98 12:00:00 AM,22288,4.71.1460.1
File3=@MSVCRT40.DLL,$(WinSysPathSysFile),,,5/31/98 12:00:00 AM,326656,4.21.0.0
File4=@OLEPRO32.DLL,$(WinSysPathSysFile),$(DLLSelfRegister),,1/29/04 2:08:24 PM,229376,5.0.4518.0
File5=@STDOLE2.TLB,$(WinSysPathSysFile),$(TLBRegister),,8/16/04 12:38:00 PM,17920,2.40.4277.1
File6=@ASYCFILT.DLL,$(WinSysPathSysFile),,,1/29/04 2:08:24 PM,188416,2.40.4518.0
File7=@OLEAUT32.DLL,$(WinSysPathSysFile),$(DLLSelfRegister),,1/29/04 2:08:24 PM,929792,2.40.4518.0
File8=@Msvbvm60.dll,$(WinSysPathSysFile),$(DLLSelfRegister),,8/23/01 12:00:00 PM,1388544,6.0.92.37

[IconGroups]
Group0=ALPS-CL China
PrivateGroup0=False
Parent0=$(Programs)

[ALPS-CL China]
Icon1="alps.exe"
Title1=ALPS-CL China
StartIn1=$(AppPath)

[Setup]
Title=ALPS-CL China Installation Package
DefaultDir=$(ProgramFiles)\ALPS
AppExe=alps.exe
AppToUninstall=alps.exe

[Setup1 Files]
File1=@RIGRCL.dll,$(WinSysPath),$(DLLSelfRegister),$(Shared),8/24/04 3:56:25 PM,1054720,1.2.0.171
File2=@EXCEL8.OLB,$(WinSysPath),,$(Shared),7/11/97 12:00:00 AM,584704,8.0.1.4307
File3=@S3ole.DLL,$(WinSysPath),$(EXESelfRegister),$(Shared),7/28/99 12:09:18 PM,441344,1.1.0.0
File4=@context.ocx,$(WinSysPath),$(DLLSelfRegister),$(Shared),5/8/02 11:37:02 AM,139264,1.0.0.1
File5=@TemplateDLL.dll,$(WinSysPath),$(DLLSelfRegister),$(Shared),10/24/01 2:13:20 PM,93184,2.2.0.0
File6=@Debtor.dll,$(WinSysPath),$(DLLSelfRegister),$(Shared),3/14/02 11:26:04 AM,103424,2.2.0.0
File7=@RUT.ocx,$(WinSysPath),$(DLLSelfRegister),$(Shared),6/30/00 3:03:56 PM,83456,1.0.0.27
File8=@DataAccess.dll,$(WinSysPath),$(DLLSelfRegister),$(Shared),5/31/00 3:06:06 PM,200704,1.0.0.10
File9=@msmask32.ocx,$(WinSysPath),$(DLLSelfRegister),$(Shared),7/19/97 6:00:58 PM,166160,5.1.43.19
File10=@comdlg32.ocx,$(WinSysPath),$(DLLSelfRegister),$(Shared),6/23/99 12:36:52 AM,140288,6.0.84.18
File11=@MARSClasses.dll,$(WinSysPath),$(DLLSelfRegister),$(Shared),6/13/00 4:26:00 PM,172032,1.0.0.0
File12=@MarsBroker.DLL,$(WinSysPath),$(EXESelfRegister),$(Shared),10/8/99 3:06:10 PM,525312,1.1.0.0
File13=@MSWORD8.OLB,$(WinSysPath),,$(Shared),7/11/97 12:00:00 AM,459776,8.0.0.3514
File14=@AIStartGtwBroker.DLL,$(WinSysPath),$(EXESelfRegister),$(Shared),6/29/99 10:10:54 AM,232448,1.1.0.0
File15=@Comctl32.ocx,$(WinSysPath),$(DLLSelfRegister),$(Shared),5/23/03 12:15:46 PM,609584,6.0.80.22
File16=@s3filter.DLL,$(WinSysPath),$(EXESelfRegister),$(Shared),1/20/99 6:01:26 PM,58880,1.1.0.0
File17=@OSPBroker.DLL,$(WinSysPath),$(EXESelfRegister),$(Shared),1/8/99 12:00:10 PM,350208,1.1.0.0
File18=@IOLEM23C.DLL,$(WinSysPath),$(EXESelfRegister),$(Shared),11/19/97 1:21:18 AM,236032,2.2.3.2
File19=@S3FXCONV.dll,$(WinSysPath),$(DLLSelfRegister),$(Shared),8/22/00 10:57:58 AM,45056,9.1.0.0
File20=@MSACC8.OLB,$(WinSysPath),,$(Shared),7/11/97 12:00:00 AM,311296,8.0.0.3512
File21=@Sqaote32.ocx,$(AppPath),,,4/30/97 12:41:50 PM,74512,6.0.0.294
File22=@msflxgrd.ocx,$(WinSysPath),$(DLLSelfRegister),$(Shared),3/19/01 9:17:16 AM,246784,6.0.81.69
File23=@tabctl32.ocx,$(WinSysPath),$(DLLSelfRegister),$(Shared),7/19/97 7:01:18 PM,192784,5.1.43.19
File24=@Vb5db.dll,$(WinSysPath),,$(Shared),1/24/97 1:00:00 AM,78608,5.0.37.24
File25=@MSREPL35.DLL,$(WinSysPathSysFile),,,8/4/99 3:00:00 AM,415504,3.51.2404.0
File26=@MSRD2X35.DLL,$(WinSysPathSysFile),$(DLLSelfRegister),,4/24/98 3:00:00 AM,252176,3.51.623.0
File27=@expsrv.dll,$(WinSysPathSysFile),,,8/23/01 12:00:00 PM,379152,6.0.0.8540
File28=@VBAJET32.DLL,$(WinSysPathSysFile),,,1/22/99 3:00:00 AM,30992,6.0.1.8268
File29=@MSJINT35.DLL,$(WinSysPathSysFile),,,8/15/97 3:00:00 AM,123664,3.51.623.0
File30=@MSJTER35.DLL,$(WinSysPathSysFile),,,8/15/97 3:00:00 AM,24848,3.51.623.0
File31=@MSJET35.DLL,$(WinSysPathSysFile),$(DLLSelfRegister),,8/4/99 3:00:00 AM,1046288,3.51.2723.0
File32=@DAO350.DLL,$(MSDAOPath),$(DLLSelfRegister),$(Shared),9/26/01 10:41:20 AM,570128,3.51.1608.0
File33=@DAO2535.TLB,$(MSDAOPath),$(TLBRegister),$(Shared),8/29/99 6:44:10 AM,73184,0.0.0.0
File34=@sqlocd32.ocx,$(WinSysPath),$(DLLSelfRegister),$(Shared),6/17/96 10:11:06 PM,121344,1.0.0.0
File35=@mhflst32.ocx,$(WinSysPath),$(DLLSelfRegister),$(Shared),9/25/96 1:43:56 PM,101808,5.0.0.70
File36=@MSVCRT.DLL,$(WinSysPathSysFile),,,10/22/01 12:37:10 PM,266293,6.0.8397.0
File37=@mfc42.dll,$(WinSysPathSysFile),$(DLLSelfRegister),,4/29/99 4:09:10 AM,995383,6.0.8447.0
File38=@ss32x25.ocx,$(WinSysPath),$(DLLSelfRegister),$(Shared),12/10/98 5:00:22 PM,743504,2.5.0.55
File39=@SSDOCK32.OCX,$(WinSysPath),$(DLLSelfRegister),$(Shared),8/30/96 2:05:00 AM,218112,2.0.1.143
File40=@mhtab32.ocx,$(WinSysPath),$(DLLSelfRegister),$(Shared),9/25/96 5:45:40 PM,126896,5.0.0.70
File41=@mhopt32.ocx,$(WinSysPath),$(DLLSelfRegister),$(Shared),9/25/96 11:45:08 AM,76208,5.0.0.70
File42=@msvcirt.dll,$(WinSysPathSysFile),,,8/16/04 12:37:58 PM,77878,6.0.8168.0
File43=@CSTEXT32.OCX,$(WinSysPath),$(DLLSelfRegister),$(Shared),1/11/00 3:20:24 PM,399360,4.42.0.0
File44=@cscomb32.ocx,$(WinSysPath),$(DLLSelfRegister),$(Shared),8/17/99 12:49:46 PM,111104,4.40.0.0
File45=@MFC40.DLL,$(WinSysPathSysFile),$(DLLSelfRegister),,4/24/98 12:00:00 AM,921872,4.1.0.6038
File46=@msoutl32.ocx,$(WinSysPath),$(DLLSelfRegister),$(Shared),1/12/96 12:00:00 AM,78848,4.0.29.22
File47=@grid32.ocx,$(AppPath),,,1/12/96 12:00:00 AM,89600,4.0.29.8
File48=@threed32.ocx,$(WinSysPath),$(DLLSelfRegister),$(Shared),1/12/96 12:00:00 AM,200704,1.0.41.0
File49=@Rate.dll,$(AppPath),,,4/22/98 4:00:42 PM,9728,0.0.0.0
File50=@Al21fvb.dll,$(AppPath),,,1/9/01 12:59:02 PM,158208,0.0.0.0
File51=@emmala32.dll,$(WinSysPath),,$(Shared),7/23/96 5:58:08 AM,10752,1.0.0.1
File52=@nsm.dll,$(AppPath),,,7/12/93 3:37:40 PM,94328,0.0.0.0
File53=@alps.exe,$(AppPath),,,8/25/04 10:05:50 PM,10833920,4.3.0.1

; The following lines may be deleted in order to obtain extra 
; space for customizing this file on a full installation diskette.
; 
; XXXXXXXXXXXXXXXXXXXXXXXXXXXXXXXXXXXXXXXXXXXXXXXXXXXXXXXXXXXX
; XXXXXXXXXXXXXXXXXXXXXXXXXXXXXXXXXXXXXXXXXXXXXXXXXXXXXXXXXXXX
; XXXXXXXXXXXXXXXXXXXXXXXXXXXXXXXXXXXXXXXXXXXXXXXXXXXXXXXXXXXX
; XXXXXXXXXXXXXXXXXXXXXXXXXXXXXXXXXXXXXXXXXXXXXXXXXXXXXXXXXXXX
; XXXXXXXXXXXXXXXXXXXXXXXXXXXXXXXXXXXXXXXXXXXXXXXXXXXXXXXXXXXX
; XXXXXXXXXXXXXXXXXXXXXXXXXXXXXXXXXXXXXXXXXXXXXXXXXXXXXXXXXXXX
; XXXXXXXXXXXXXXXXXXXXXXXXXXXXXXXXXXXXXXXXXXXXXXXXXXXXXXXXXXXX
; XXXXXXXXXXXXXXXXXXXXXXXXXXXXXXXXXXXXXXXXXXXXXXXXXXXXXXXXXXXX
; XXXXXXXXXXXXXXXXXXXXXXXXXXXXXXXXXXXXXXXXXXXXXXXXXXXXXXXXXXXX
; XXXXXXXXXXXXXXXXXXXXXXXXXXXXXXXXXXXXXXXXXXXXXXXXXXXXXXXXXXXX
; XXXXXXXXXXXXXXXXXXXXXXXXXXXXXXXXXXXXXXXXXXXXXXXXXXXXXXXXXXXX
; XXXXXXXXXXXXXXXXXXXXXXXXXXXXXXXXXXXXXXXXXXXXXXXXXXXXXXXXXXXX
; XXXXXXXXXXXXXXXXXXXXXXXXXXXXXXXXXXXXXXXXXXXXXXXXXXXXXXXXXXXX
; XXXXXXXXXXXXXXXXXXXXXXXXXXXXXXXXXXXXXXXXXXXXXXXXXXXXXXXXXXXX
; XXXXXXXXXXXXXXXXXXXXXXXXXXXXXXXXXXXXXXXXXXXXXXXXXXXXXXXXXXXX
; XXXXXXXXXXXXXXXXXXXXXXXXXXXXXXXXXXXXXXXXXXXXXXXXXXXXXXXXXXXX
; XXXXXXXXXXXXXXXXXXXXXXXXXXXXXXXXXXXXXXXXXXXXXXXXXXXXXXXXXXXX
; XXXXXXXXXXXXXXXXXXXXXXXXXXXXXXXXXXXXXXXXXXXXXXXXXXXXXXXXXXXX
; XXXXXXXXXXXXXXXXXXXXXXXXXXXXXXXXXXXXXXXXXXXXXXXXXXXXXXXXXXXX
; XXXXXXXXXXXXXXXXXXXXXXXXXXXXXXXXXXXXXXXXXXXXXXXXXXXXXXXXXXXX
; XXXXXXXXXXXXXXXXXXXXXXXXXXXXXXXXXXXXXXXXXXXXXXXXXXXXXXXXXXXX
; XXXXXXXXXXXXXXXXXXXXXXXXXXXXXXXXXXXXXXXXXXXXXXXXXXXXXXXXXXXX
; XXXXXXXXXXXXXXXXXXXXXXXXXXXXXXXXXXXXXXXXXXXXXXXXXXXXXXXXXXXX
; XXXXXXXXXXXXXXXXXXXXXXXXXXXXXXXXXXXXXXXXXXXXXXXXXXXXXXXXXXXX
; XXXXXXXXXXXXXXXXXXXXXXXXXXXXXXXXXXXXXXXXXXXXXXXXXXXXXXXXXXXX
; XXXXXXXXXXXXXXXXXXXXXXXXXXXXXXXXXXXXXXXXXXXXXXXXXXXXXXXXXXXX
; XXXXXXXXXXXXXXXXXXXXXXXXXXXXXXXXXXXXXXXXXXXXXXXXXXXXXXXXXXXX
; XXXXXXXXXXXXXXXXXXXXXXXXXXXXXXXXXXXXXXXXXXXXXXXXXXXXXXXXXXXX
; XXXXXXXXXXXXXXXXXXXXXXXXXXXXXXXXXXXXXXXXXXXXXXXXXXXXXXXXXXXX
; XXXXXXXXXXXXXXXXXXXXXXXXXXXXXXXXXXXXXXXXXXXXXXXXXXXXXXXXXXXX
; XXXXXXXXXXXXXXXXXXXXXXXXXXXXXXXXXXXXXXXXXXXXXXXXXXXXXXXXXXXX
; XXXXXXXXXXXXXXXXXXXXXXXXXXXXXXXXXXXXXXXXXXXXXXXXXXXXXXXXXXXX
; XXXXXXXXXXXXXXXXXXXXXXXXXXXXXXXXXXXXXXXXXXXXXXXXXXXXXXXXXXXX
; XXXXXXXXXXXXXXXXXXXXXXXXXXXXXXXXXXXXXXXXXXXXXXXXXXXXXXXXXXXX
; XXXXXXXXXXXXXXXXXXXXXXXXXXXXXXXXXXXXXXXXXXXXXXXXXXXXXXXXXXXX
